../Core/Src/main.c:111:5:main	72	static
../Core/Src/main.c:242:6:SystemClock_Config	120	static
../Core/Src/main.c:293:13:MX_I2C1_Init	8	static
../Core/Src/main.c:341:13:MX_I2C4_Init	8	static
../Core/Src/main.c:389:13:MX_TIM1_Init	56	static
../Core/Src/main.c:440:13:MX_TIM3_Init	48	static
../Core/Src/main.c:493:13:MX_USART3_UART_Init	8	static
../Core/Src/main.c:541:13:MX_GPIO_Init	56	static
../Core/Src/main.c:618:6:HAL_UART_RxCpltCallback	24	static
../Core/Src/main.c:637:6:Error_Handler	4	static,ignoring_inline_asm
